// Jest Snapshot v1, https://goo.gl/fbAQLP

exports[`NumberGrid should render a list of NumberTiles (with the right parameters) up to a specific number 1`] = `
<ul
  class="number-list"
  data-role="number-grid"
>
  
      
  <numbertile />
  <numbertile />
  <numbertile />
  <numbertile />
  
    
</ul>
`;
